// Jest Snapshot v1, https://goo.gl/fbAQLP

exports[`Single RecordsListItem renders correctly across screens 1`] = `
<View
  style={
    Object {
      "alignSelf": "center",
      "backgroundColor": "white",
      "borderColor": "#d3d3d3",
      "borderRadius": 5,
      "borderWidth": 1,
      "flexDirection": "row",
      "marginBottom": 5,
      "marginTop": 5,
      "padding": 10,
      "shadowColor": "rgba(0,0,0, .2)",
      "shadowOffset": Object {
        "height": 0,
        "width": 0,
      },
      "shadowOpacity": 3,
      "shadowRadius": 2,
      "width": "90%",
    }
  }
>
  <View
    style={
      Object {
        "paddingRight": 10,
      }
    }
  >
    <Image
      source={
        Object {
          "uri": "",
        }
      }
      style={
        Object {
          "height": 100,
          "width": 100,
        }
      }
    />
  </View>
  <View
    style={
      Object {
        "alignSelf": "center",
        "flex": 1,
        "flexDirection": "column",
      }
    }
  >
    <Text>
      Artist
       - 
      Song Title
    </Text>
    <Text>
      Genre: 
      Genre
    </Text>
    <Text>
      Price: 
      $1.29
    </Text>
    <Text>
      Released: 
      Release Date
    </Text>
  </View>
</View>
`;
